// Vitest Snapshot v1, https://vitest.dev/guide/snapshot.html

exports[`no user routines > getCleaningTasks — cleaning 1`] = `
[
  {
    "description": "tpl-baseboards description",
    "dueDate": "2026-06-28",
    "estimatedMinutes": 40,
    "id": "i-baseboards",
    "instructions": null,
    "isOverdue": false,
    "itemName": null,
    "itemUnitId": null,
    "lastCompletedDate": "2026-03-26",
    "priorityScore": 64.5,
    "roomId": null,
    "roomName": "Routine",
    "scheduleType": "monthly",
    "source": "routine",
    "staleDays": 89,
    "title": "Wipe baseboards",
  },
  {
    "description": "tpl-clean-filter-dw description",
    "dueDate": "2026-07-01",
    "estimatedMinutes": 10,
    "id": "i-clean-filter-dw",
    "instructions": null,
    "isOverdue": false,
    "itemName": "Dishwasher",
    "itemUnitId": "item-dishwasher",
    "lastCompletedDate": "2026-05-30",
    "priorityScore": 32,
    "roomId": "room-kitchen",
    "roomName": "Kitchen",
    "scheduleType": "monthly",
    "source": "instance",
    "staleDays": 24,
    "title": "Clean dishwasher filter",
  },
  {
    "description": "tpl-deep-oven description",
    "dueDate": "2026-06-10",
    "estimatedMinutes": 45,
    "id": "i-deep-oven",
    "instructions": null,
    "isOverdue": true,
    "itemName": "Range",
    "itemUnitId": "item-range",
    "lastCompletedDate": "2026-01-10",
    "priorityScore": 117,
    "roomId": "room-kitchen",
    "roomName": "Kitchen",
    "scheduleType": "monthly",
    "source": "instance",
    "staleDays": 164,
    "title": "Deep-clean the oven",
  },
  {
    "description": "tpl-deleted-clean description",
    "dueDate": "2026-06-26",
    "estimatedMinutes": 15,
    "id": "i-deleted-clean",
    "instructions": null,
    "isOverdue": false,
    "itemName": "Refrigerator",
    "itemUnitId": "item-fridge",
    "lastCompletedDate": null,
    "priorityScore": 65,
    "roomId": "room-kitchen",
    "roomName": null,
    "scheduleType": "monthly",
    "source": "instance",
    "staleDays": 9999,
    "title": "Clean fridge drip pan",
  },
  {
    "description": "tpl-fridge-shelves description",
    "dueDate": "2026-06-30",
    "estimatedMinutes": 30,
    "id": "i-fridge-shelves",
    "instructions": null,
    "isOverdue": false,
    "itemName": "Refrigerator",
    "itemUnitId": "item-fridge",
    "lastCompletedDate": "2026-03-24",
    "priorityScore": 53,
    "roomId": "room-kitchen",
    "roomName": "Kitchen",
    "scheduleType": "quarterly",
    "source": "instance",
    "staleDays": 91,
    "title": "Wash fridge shelves",
  },
  {
    "description": "tpl-mixed description",
    "dueDate": "2026-06-27",
    "estimatedMinutes": 15,
    "id": "i-mixed",
    "instructions": null,
    "isOverdue": false,
    "itemName": "Washer",
    "itemUnitId": "item-washer",
    "lastCompletedDate": null,
    "priorityScore": 65,
    "roomId": "room-laundry",
    "roomName": null,
    "scheduleType": "monthly",
    "source": "instance",
    "staleDays": 9999,
    "title": "Run washer clean cycle",
  },
  {
    "description": "tpl-wipe-gasket description",
    "dueDate": "2026-06-25",
    "estimatedMinutes": 5,
    "id": "i-wipe-gasket",
    "instructions": "Use a damp cloth.",
    "isOverdue": false,
    "itemName": "Dishwasher",
    "itemUnitId": "item-dishwasher",
    "lastCompletedDate": "2026-06-15",
    "priorityScore": 54,
    "roomId": "room-kitchen",
    "roomName": "Kitchen",
    "scheduleType": "weekly",
    "source": "instance",
    "staleDays": 8,
    "title": "Wipe door gasket",
  },
]
`;

exports[`no user routines > getCleaningTasks — maintenance 1`] = `
[
  {
    "description": "tpl-coils description",
    "dueDate": "2026-06-23",
    "estimatedMinutes": 15,
    "id": "i-coils",
    "instructions": null,
    "isOverdue": false,
    "itemName": "Refrigerator",
    "itemUnitId": "item-fridge",
    "lastCompletedDate": "2026-06-05",
    "priorityScore": 13,
    "roomId": "room-kitchen",
    "roomName": "Kitchen",
    "scheduleType": "semiannual",
    "source": "instance",
    "staleDays": 18,
    "title": "Vacuum fridge coils",
  },
  {
    "description": "tpl-descale description",
    "dueDate": "2026-07-20",
    "estimatedMinutes": 15,
    "id": "i-descale",
    "instructions": null,
    "isOverdue": false,
    "itemName": "Water Heater",
    "itemUnitId": "item-water-heater",
    "lastCompletedDate": null,
    "priorityScore": 53,
    "roomId": null,
    "roomName": null,
    "scheduleType": "quarterly",
    "source": "instance",
    "staleDays": 9999,
    "title": "Check anode rod",
  },
  {
    "description": "tpl-dryer-vent description",
    "dueDate": "2026-06-26",
    "estimatedMinutes": 15,
    "id": "i-dryer-vent",
    "instructions": null,
    "isOverdue": false,
    "itemName": "Dryer",
    "itemUnitId": "item-dryer",
    "lastCompletedDate": "2026-04-20",
    "priorityScore": 34,
    "roomId": "room-laundry",
    "roomName": "Laundry",
    "scheduleType": "annual",
    "source": "instance",
    "staleDays": 64,
    "title": "Clean dryer vent",
  },
  {
    "description": "tpl-filter description",
    "dueDate": "2026-06-20",
    "estimatedMinutes": 15,
    "id": "i-filter",
    "instructions": null,
    "isOverdue": true,
    "itemName": "Furnace",
    "itemUnitId": "item-furnace",
    "lastCompletedDate": "2026-06-10",
    "priorityScore": 38.5,
    "roomId": null,
    "roomName": null,
    "scheduleType": "monthly",
    "source": "instance",
    "staleDays": 13,
    "title": "Replace furnace filter",
  },
  {
    "description": "tpl-flush description",
    "dueDate": "2026-07-02",
    "estimatedMinutes": 15,
    "id": "i-flush",
    "instructions": null,
    "isOverdue": false,
    "itemName": "Water Heater",
    "itemUnitId": "item-water-heater",
    "lastCompletedDate": "2026-02-01",
    "priorityScore": 47,
    "roomId": null,
    "roomName": null,
    "scheduleType": "annual",
    "source": "instance",
    "staleDays": 142,
    "title": "Flush water heater",
  },
  {
    "description": "tpl-gutter description",
    "dueDate": "2026-06-24",
    "estimatedMinutes": 15,
    "id": "i-gutter-snoozed",
    "instructions": null,
    "isOverdue": false,
    "itemName": null,
    "itemUnitId": null,
    "lastCompletedDate": null,
    "priorityScore": 50,
    "roomId": null,
    "roomName": "Routine",
    "scheduleType": "seasonal",
    "source": "routine",
    "staleDays": 9999,
    "title": "Clean gutters",
  },
  {
    "description": "tpl-hvac-service description",
    "dueDate": "2026-08-20",
    "estimatedMinutes": 15,
    "id": "i-hvac-service",
    "instructions": null,
    "isOverdue": false,
    "itemName": "Furnace",
    "itemUnitId": "item-furnace",
    "lastCompletedDate": null,
    "priorityScore": 47,
    "roomId": null,
    "roomName": null,
    "scheduleType": "annual",
    "source": "instance",
    "staleDays": 9999,
    "title": "Furnace service",
  },
  {
    "description": "tpl-mixed description",
    "dueDate": "2026-06-27",
    "estimatedMinutes": 15,
    "id": "i-mixed",
    "instructions": null,
    "isOverdue": false,
    "itemName": "Washer",
    "itemUnitId": "item-washer",
    "lastCompletedDate": null,
    "priorityScore": 65,
    "roomId": "room-laundry",
    "roomName": null,
    "scheduleType": "monthly",
    "source": "instance",
    "staleDays": 9999,
    "title": "Run washer clean cycle",
  },
  {
    "description": "tpl-nodue description",
    "dueDate": "",
    "estimatedMinutes": 15,
    "id": "i-nodue",
    "instructions": null,
    "isOverdue": false,
    "itemName": "Washer",
    "itemUnitId": "item-washer",
    "lastCompletedDate": null,
    "priorityScore": 65,
    "roomId": "room-laundry",
    "roomName": null,
    "scheduleType": "monthly",
    "source": "instance",
    "staleDays": 9999,
    "title": "Inspect washer hoses",
  },
  {
    "description": "tpl-smoke description",
    "dueDate": "2026-05-01",
    "estimatedMinutes": 15,
    "id": "i-smoke",
    "instructions": null,
    "isOverdue": true,
    "itemName": null,
    "itemUnitId": null,
    "lastCompletedDate": "2025-05-01",
    "priorityScore": 261,
    "roomId": null,
    "roomName": "Routine",
    "scheduleType": "semiannual",
    "source": "routine",
    "staleDays": 418,
    "title": "Test smoke alarms",
  },
  {
    "description": "tpl-undone description",
    "dueDate": "2026-06-29",
    "estimatedMinutes": 15,
    "id": "i-undone",
    "instructions": null,
    "isOverdue": false,
    "itemName": "Dryer",
    "itemUnitId": "item-dryer",
    "lastCompletedDate": null,
    "priorityScore": 65,
    "roomId": "room-laundry",
    "roomName": null,
    "scheduleType": "monthly",
    "source": "instance",
    "staleDays": 9999,
    "title": "Clean lint trap housing",
  },
]
`;

exports[`no user routines > getDeepCleanGuides 1`] = `
[
  {
    "estimatedMinutes": 45,
    "id": "i-deep-oven",
    "itemUnitId": "item-range",
    "title": "Clean the Range",
  },
  {
    "estimatedMinutes": 15,
    "id": "i-deleted-clean",
    "itemUnitId": "item-fridge",
    "title": "Clean the Refrigerator",
  },
  {
    "estimatedMinutes": 15,
    "id": "i-mixed",
    "itemUnitId": "item-washer",
    "title": "Clean the Washer",
  },
  {
    "estimatedMinutes": 40,
    "id": "i-baseboards",
    "itemUnitId": null,
    "title": "Wipe baseboards",
  },
  {
    "estimatedMinutes": 5,
    "id": "i-wipe-gasket",
    "itemUnitId": "item-dishwasher",
    "title": "Clean the Dishwasher",
  },
]
`;

exports[`with user routines > getDeepCleanGuides comes from the routines 1`] = `
[
  {
    "estimatedMinutes": 30,
    "id": "tpl-routine-bath",
    "itemUnitId": null,
    "title": "Bathroom scrub",
  },
  {
    "estimatedMinutes": 20,
    "id": "tpl-routine-kitchen",
    "itemUnitId": null,
    "title": "Kitchen reset",
  },
]
`;

exports[`with user routines > getRoutineTemplates 1`] = `
[
  {
    "estimated_minutes": 30,
    "schedule_type": "weekly",
    "task_template_id": "tpl-routine-bath",
    "title": "Bathroom scrub",
  },
  {
    "estimated_minutes": 20,
    "schedule_type": "weekly",
    "task_template_id": "tpl-routine-kitchen",
    "title": "Kitchen reset",
  },
]
`;
